// Jest Snapshot v1, https://goo.gl/fbAQLP

exports[`<Main /> should render the heading 1`] = `
.c0 {
  height: 8rem;
  width: 100%;
  display: -webkit-box;
  display: -webkit-flex;
  display: -ms-flexbox;
  display: flex;
  -webkit-flex-direction: row;
  -ms-flex-direction: row;
  flex-direction: row;
  -webkit-align-items: center;
  -webkit-box-align: center;
  -ms-flex-align: center;
  align-items: center;
  -webkit-box-pack: start;
  -webkit-justify-content: flex-start;
  -ms-flex-pack: start;
  justify-content: flex-start;
}

.c1 {
  height: 5.2rem;
  width: 5.2rem;
  margin: 0 1.2rem;
  border-radius: 100%;
  background-color: var(--icon-bg-color);
}

.c2 {
  display: -webkit-box;
  display: -webkit-flex;
  display: -ms-flexbox;
  display: flex;
  -webkit-flex-direction: column;
  -ms-flex-direction: column;
  flex-direction: column;
  -webkit-align-items: flex-start;
  -webkit-box-align: flex-start;
  -ms-flex-align: flex-start;
  align-items: flex-start;
  -webkit-box-pack: start;
  -webkit-justify-content: flex-start;
  -ms-flex-pack: start;
  justify-content: flex-start;
}

.c2 h1 {
  font-size: 3.6rem;
}

.c2 small {
  font-size: 1.2rem;
}

<header
  class="c0"
>
  <div
    class="c1"
  />
  <div
    class="c2"
  >
    <h1>
      Machado Alves
    </h1>
    <small>
      Históricas curtas escritas por mim, amigos e domínio público
    </small>
  </div>
</header>
`;
